
> sikshamitra@0.1.0 build
> next build

Γû▓ Next.js 16.1.1 (Turbopack)
- Environments: .env
- Experiments (use with caution):
  ┬╖ serverActions

  Creating an optimized production build ...
Γ£ô Compiled successfully in 2.1min
  Running TypeScript ...
node.exe : Failed to compile.
At C:\Program Files\nodejs\npm.ps1:29 char:3
+   & $NODE_EXE $NPM_CLI_JS $args
+   ~~~~~~~~~~~~~~~~~~~~~~~~~~~~~
    + CategoryInfo          : NotSpecified: (Failed to compile.:String) [], RemoteException
    + FullyQualifiedErrorId : NativeCommandError
 

./src/app/admin/academic/graduation/graduation-ceremony-content.tsx:471:19
Type error: Type '{ date: Date; onDateChange: (date: any) => any; }' is not assignable to type 'IntrinsicAttributes & DatePickerProps'.
  Property 'onDateChange' does not exist on type 'IntrinsicAttributes & DatePickerProps'.

[0m [90m 469 |[39m                 [33m<[39m[33mDatePicker[39m
 [90m 470 |[39m                   date[33m=[39m{graduationDate}
[31m[1m>[22m[39m[90m 471 |[39m                   onDateChange[33m=[39m{(date) [33m=>[39m date [33m&&[39m setGraduationDate(date)}
 [90m     |[39m                   [31m[1m^[22m[39m
 [90m 472 |[39m                 [33m/[39m[33m>[39m
 [90m 473 |[39m               [33m<[39m[33m/[39m[33mdiv[39m[33m>[39m
 [90m 474 |[39m[0m
Next.js build worker exited with code: 1 and signal: null
